---
source: borsh-derive/src/internals/serialize/enums/mod.rs
expression: pretty_print_syn_str(actual).unwrap()
---
impl<K, V, U> borsh::ser::BorshSerialize for A<K, V, U>
where
    K: borsh::ser::BorshSerialize,
    V: borsh::ser::BorshSerialize,
    U: borsh::ser::BorshSerialize,
{
    fn serialize<__W: borsh::io::Write>(
        &self,
        writer: &mut __W,
    ) -> ::core::result::Result<(), borsh::io::Error> {
        let variant_idx: u8 = match self {
            A::B { .. } => 0u8,
            A::C(..) => 1u8,
        };
        writer.write_all(&variant_idx.to_le_bytes())?;
        match self {
            A::B { x, y, .. } => {
                <HashMap<K, V> as borsh::BorshSerialize>::serialize(x, writer)?;
                <String as borsh::BorshSerialize>::serialize(y, writer)?;
            }
            A::C(id0, id1) => {
                <K as borsh::BorshSerialize>::serialize(id0, writer)?;
                <Vec<U> as borsh::BorshSerialize>::serialize(id1, writer)?;
            }
        }
        ::core::result::Result::Ok(())
    }
}
