---
source: borsh-derive/src/internals/deserialize/structs/mod.rs
expression: pretty_print_syn_str(&actual).unwrap()
---
impl<T: Debug, U> borsh::de::BorshDeserialize for C<T, U>
where
    T: PartialOrd + Hash + Eq + borsh::de::BorshDeserialize,
    U: borsh::de::BorshDeserialize,
{
    fn deserialize_reader<R: borsh::io::Read>(
        reader: &mut R,
    ) -> ::core::result::Result<Self, borsh::io::Error> {
        Ok(Self {
            a: borsh::BorshDeserialize::deserialize_reader(reader)?,
            b: borsh::BorshDeserialize::deserialize_reader(reader)?,
        })
    }
}

