---
source: borsh-derive/src/internals/schema/enums/mod.rs
expression: pretty_print_syn_str(&actual).unwrap()
---
impl borsh::BorshSchema for A {
    fn declaration() -> borsh::schema::Declaration {
        "A".to_string()
    }
    fn add_definitions_recursively(
        definitions: &mut borsh::__private::maybestd::collections::BTreeMap<
            borsh::schema::Declaration,
            borsh::schema::Definition,
        >,
    ) {
        #[allow(dead_code)]
        #[derive(borsh::BorshSchema)]
        #[borsh(crate = "borsh")]
        struct ABacon;
        #[allow(dead_code)]
        #[derive(borsh::BorshSchema)]
        #[borsh(crate = "borsh")]
        struct AEggs;
        <ABacon as borsh::BorshSchema>::add_definitions_recursively(definitions);
        <AEggs as borsh::BorshSchema>::add_definitions_recursively(definitions);
        let discriminant_0: u8 = 0u8;
        let discriminant_1: u8 = 1u8;
        let definition = borsh::schema::Definition::Enum {
            tag_width: 1,
            variants: borsh::__private::maybestd::vec![
                (discriminant_0 as i64, "Bacon".to_string(), < ABacon > ::declaration()),
                (discriminant_1 as i64, "Eggs".to_string(), < AEggs > ::declaration())
            ],
        };
        borsh::schema::add_definition(Self::declaration(), definition, definitions);
    }
}

