---
source: borsh-derive/src/internals/schema/structs/mod.rs
expression: pretty_print_syn_str(&actual).unwrap()
---
impl borsh::BorshSchema for A {
    fn declaration() -> borsh::schema::Declaration {
        "A".to_string()
    }
    fn add_definitions_recursively(
        definitions: &mut borsh::__private::maybestd::collections::BTreeMap<
            borsh::schema::Declaration,
            borsh::schema::Definition,
        >,
    ) {
        let fields = borsh::schema::Fields::NamedFields(
            borsh::__private::maybestd::vec![
                ("x".to_string(), < u64 as borsh::BorshSchema > ::declaration()), ("y"
                .to_string(), < String as borsh::BorshSchema > ::declaration())
            ],
        );
        let definition = borsh::schema::Definition::Struct {
            fields,
        };
        let no_recursion_flag = definitions
            .get(&<Self as borsh::BorshSchema>::declaration())
            .is_none();
        borsh::schema::add_definition(
            <Self as borsh::BorshSchema>::declaration(),
            definition,
            definitions,
        );
        if no_recursion_flag {
            <u64 as borsh::BorshSchema>::add_definitions_recursively(definitions);
            <String as borsh::BorshSchema>::add_definitions_recursively(definitions);
        }
    }
}

