---
source: borsh-derive-internal/src/attribute_helpers/field.rs
expression: debug_print_tokenizable(with_funcs.declaration)
---
third_party_impl :: declaration :: < K , V >

