---
source: borsh-derive/src/internals/serialize/structs/mod.rs
expression: pretty_print_syn_str(actual).unwrap()
---
impl<K, V, U> borsh::ser::BorshSerializeAsync for G<K, V, U>
where
    K: borsh::ser::BorshSerializeAsync,
    V: borsh::ser::BorshSerializeAsync,
{
    async fn serialize<'async_variant, __W: borsh::async_io::AsyncWrite>(
        &'async_variant self,
        writer: &'async_variant mut __W,
    ) -> ::core::result::Result<(), borsh::io::Error> {
        <HashMap<K, V> as borsh::BorshSerializeAsync>::serialize(&self.0, writer).await?;
        ::core::result::Result::Ok(())
    }
}
