---
source: borsh-derive/src/internals/serialize/structs/mod.rs
expression: pretty_print_syn_str(&actual).unwrap()
---
impl<T, V> borsh::ser::BorshSerialize for Parametrized<T, V>
where
    T: TraitName,
    V: borsh::ser::BorshSerialize,
    <T as TraitName>::Associated: borsh::ser::BorshSerialize,
{
    fn serialize<W: borsh::io::Write>(
        &self,
        writer: &mut W,
    ) -> ::core::result::Result<(), borsh::io::Error> {
        borsh::BorshSerialize::serialize(&self.field, writer)?;
        borsh::BorshSerialize::serialize(&self.another, writer)?;
        Ok(())
    }
}

