---
source: borsh/tests/roundtrip/test_tuple.rs
expression: buf
---
[
    1,
]
