---
source: borsh/tests/roundtrip/test_hash_map.rs
expression: data
---
[
    1,
    0,
    0,
    0,
    3,
    0,
    0,
    0,
    111,
    110,
    101,
]
