---
source: borsh/tests/roundtrip/test_vecs.rs
expression: buf
---
[
    1,
    0,
    0,
    0,
    0,
    202,
    154,
    59,
]
