---
source: borsh/tests/roundtrip/test_primitives.rs
expression: buf
---
[
    156,
    255,
    255,
    255,
    255,
    255,
    255,
    255,
]
