---
source: borsh/tests/roundtrip/test_ascii_strings.rs
expression: _buf
---
[
    0,
    0,
    0,
    0,
]
