---
source: borsh/tests/roundtrip/test_primitives.rs
expression: buf
---
[
    255,
    255,
    255,
    255,
    255,
    255,
    255,
    127,
]
