---
source: borsh/tests/roundtrip/test_strings.rs
expression: _buf
---
[
    11,
    0,
    0,
    0,
    104,
    101,
    108,
    108,
    111,
    32,
    119,
    111,
    114,
    108,
    100,
]
