---
source: borsh/tests/roundtrip/test_vecs.rs
expression: buf
---
[
    10,
    0,
    0,
    0,
    1,
    0,
    0,
    0,
    97,
    1,
    0,
    0,
    0,
    97,
    1,
    0,
    0,
    0,
    97,
    1,
    0,
    0,
    0,
    97,
    1,
    0,
    0,
    0,
    97,
    1,
    0,
    0,
    0,
    97,
    1,
    0,
    0,
    0,
    97,
    1,
    0,
    0,
    0,
    97,
    1,
    0,
    0,
    0,
    97,
    1,
    0,
    0,
    0,
    97,
]
