---
source: borsh/tests/roundtrip/test_ip_addr.rs
expression: encoded
---
[
    32,
    1,
    13,
    184,
    0,
    0,
    0,
    0,
    0,
    0,
    0,
    0,
    0,
    0,
    0,
    1,
]
