---
source: borsh/tests/roundtrip/test_arrays.rs
expression: serialized
---
[
    0,
    1,
    2,
]
