---
source: borsh/tests/roundtrip/requires_derive_category/test_simple_enums.rs
expression: encoded
---
[
    2,
    132,
    0,
    0,
    0,
    239,
    255,
    255,
    255,
]
